// Vitest Snapshot v1, https://vitest.dev/guide/snapshot.html

exports[`Tests for the Card component > Check that an appropriate message is displayed if no cards are present 1`] = `
<DocumentFragment>
  <div
    class="_wrapper_437bfc"
  >
    <img
      alt="Not Found"
      class="_image_437bfc"
      src="/src/assets/images/notFound.png"
    />
    <h2>
      Not Found
    </h2>
  </div>
</DocumentFragment>
`;
