// Jest Snapshot v1, https://goo.gl/fbAQLP

exports[`Error page component Show error page 1`] = `
<DocumentFragment>
  <div
    class="errorWrap"
  >
    <h1
      class="title"
    >
      Oops!
    </h1>
    <p>
      Sorry, an unexpected error has occurred.
    </p>
    <p>
      Error
    </p>
    <a
      href="/"
    >
       Back to home 
    </a>
  </div>
</DocumentFragment>
`;
