// Vitest Snapshot v1, https://vitest.dev/guide/snapshot.html

exports[`Tests for the Card component > Check that an appropriate message is displayed if no cards are present 1`] = `
<DocumentFragment>
  <div
    class="_wrapper_81be75"
  >
    <div
      class="_wrapper_f4f7a7"
    >
      <img
        alt="title"
        class="_titleImg_f4f7a7"
        src="/src/assets/images/title.png"
      />
      <div
        class="_searchWrap_f4f7a7"
      >
        <input
          class="_search_823600"
          placeholder="search"
          type="text"
          value=""
        />
        <button
          class="_search_f8f296 _button_f8f296"
        >
          SEARCH
        </button>
        <button
          class="_error_f8f296 _button_f8f296"
        >
          TRY MAKE ERROR
        </button>
      </div>
      <img
        alt="logo"
        class="_logo_f4f7a7"
        src="/src/assets/images/logo.png"
      />
    </div>
    <div
      class="_wrapper_7a8146"
    >
      <img
        alt="teleportTop"
        class="_teleportTop_7a8146"
        src="/src/assets/images/teleportTop.png"
      />
      <div
        class="_infoAndCardWrap_7a8146"
      >
        <div
          class="_wrapCard_7a8146"
        >
          <div
            class="_loading_d51639"
          >
            <div
              class="_loadingIcon_d51639"
              data-testid="loading-icon"
            >
              Loading...
            </div>
            <div
              class="_loader_d51639"
            >
              <div
                class="_loaderCircle_d51639"
              />
            </div>
          </div>
        </div>
      </div>
      <img
        alt="teleportBottom"
        class="_teleportBottom_7a8146"
        src="/src/assets/images/teleportBottom.png"
      />
    </div>
  </div>
</DocumentFragment>
`;

exports[`Tests for the Card component > Testing home page 1`] = `
<DocumentFragment>
  <div
    class="_wrapper_81be75"
  >
    <div
      class="_wrapper_f4f7a7"
    >
      <img
        alt="title"
        class="_titleImg_f4f7a7"
        src="/src/assets/images/title.png"
      />
      <div
        class="_searchWrap_f4f7a7"
      >
        <input
          class="_search_823600"
          placeholder="search"
          type="text"
          value=""
        />
        <button
          class="_search_f8f296 _button_f8f296"
        >
          SEARCH
        </button>
        <button
          class="_error_f8f296 _button_f8f296"
        >
          TRY MAKE ERROR
        </button>
      </div>
      <img
        alt="logo"
        class="_logo_f4f7a7"
        src="/src/assets/images/logo.png"
      />
    </div>
    <div
      class="_wrapper_7a8146"
    >
      <img
        alt="teleportTop"
        class="_teleportTop_7a8146"
        src="/src/assets/images/teleportTop.png"
      />
      <div
        class="_infoAndCardWrap_7a8146"
      >
        <div
          class="_wrapCard_7a8146"
        >
          <div
            class="_loading_d51639"
          >
            <div
              class="_loadingIcon_d51639"
              data-testid="loading-icon"
            >
              Loading...
            </div>
            <div
              class="_loader_d51639"
            >
              <div
                class="_loaderCircle_d51639"
              />
            </div>
          </div>
        </div>
      </div>
      <img
        alt="teleportBottom"
        class="_teleportBottom_7a8146"
        src="/src/assets/images/teleportBottom.png"
      />
    </div>
  </div>
</DocumentFragment>
`;
