// Jest Snapshot v1, https://goo.gl/fbAQLP

exports[`should show loading indicator 1`] = `
<DocumentFragment>
  <div
    class="wrapper"
  >
    <img
      alt="Not Found"
      class="image"
      data-nimg="1"
      decoding="async"
      height="100"
      loading="lazy"
      src="/_next/image?url=%2Fimg.jpg&w=640&q=75"
      srcset="/_next/image?url=%2Fimg.jpg&w=384&q=75 1x, /_next/image?url=%2Fimg.jpg&w=640&q=75 2x"
      style="color: transparent;"
      width="300"
    />
    <h2>
      Not Found
    </h2>
  </div>
</DocumentFragment>
`;
