// Vitest Snapshot v1, https://vitest.dev/guide/snapshot.html

exports[`Pagination > Check rightArrow 1`] = `
<DocumentFragment>
  <div
    class="_wrapper_08165b"
  >
    <button
      class="_disabled_08165b"
      disabled=""
    >
      <img
        alt="leftArrow"
        class="_leftArrow_08165b"
        src="/src/assets/images/arrow.png"
      />
    </button>
    <span
      class="_currentPage_08165b"
    >
      1
    </span>
    <button
      class="_arrow_08165b"
    >
      <img
        alt="rightArrow"
        class="_rightArrow_08165b"
        src="/src/assets/images/arrow.png"
      />
    </button>
  </div>
</DocumentFragment>
`;
